Microchip MPLAB XC8 Compiler V2.40

Linker command line:

-W-3 \
  --edf=C:\Program Files\Microchip\xc8\v2.40\pic\dat\20220703182018_en.msgs \
  -cn -h+dist/default/production\Kart_micros.X.production.sym \
  --cmf=dist/default/production\Kart_micros.X.production.cmf -z -Q16F887 \
  -oC:\Users\Diego\AppData\Local\Temp\xcAscr8.4 --defsym=__MPLAB_BUILD=1 \
  --fixupoverflow=error \
  -Mdist/default/production/Kart_micros.X.production.map \
  --md=C:\Users\Diego\AppData\Local\Temp\xcAscr8.dat -E1 -ver=XC8 Compiler \
  --acfsm=1493 -ACODE=00h-07FFhx4 -ASTRCODE=00h-01FFFh -ASTRING=00h-0FFhx32 \
  -ACONST=00h-0FFhx32 -AENTRY=00h-0FFhx32 -ACOMMON=070h-07Fh \
  -ABANK0=020h-06Fh -ABANK1=0A0h-0EFh -ABANK2=0110h-016Fh \
  -ABANK3=0190h-01EFh -ARAM=020h-06Fh,0A0h-0EFh,0110h-016Fh,0190h-01EFh \
  -AABS1=020h-07Fh,0A0h-0EFh,0110h-016Fh,0190h-01EFh -ASFR0=00h-01Fh \
  -ASFR1=080h-09Fh -ASFR2=0100h-010Fh -ASFR3=0180h-018Fh \
  -ACONFIG=02007h-02008h -DCONFIG=2 -AIDLOC=02000h-02003h -DIDLOC=2 \
  -AEEDATA=00h-0FFh/02100h -peeprom_data=EEDATA -DEEDATA=2 -DCODE=2 \
  -DSTRCODE=2 -DSTRING=2 -DCONST=2 -DENTRY=2 \
  -preset_vec=00h,intentry=04h,init,end_init -ppowerup=CODE -pcinit=CODE \
  -pfunctab=ENTRY -k C:\Users\Diego\AppData\Local\Temp\xcAscr8.o \
  dist/default/production\Kart_micros.X.production.o 

Object code version is 3.11

Machine type is 16F887



                Name                               Link     Load   Length Selector   Space Scale
C:\Users\Diego\AppData\Local\Temp\xcAscr8.o
                end_init                              E        E        3        8       0
                reset_vec                             0        0        3        0       0
                config                             2007     2007        2        0       4
                idloc                              2000     2000        4        0       5
dist/default/production\Kart_micros.X.production.o
                cinit                                11       11       15        8       0
                intentry                              4        4        A        8       0
                config                             2007     2007        2        0       4
                idloc                              2000     2000        4        0       5
                text25                              E01      E01       16     1C02       0
                text24                              FB0      FB0       50     1F60       0
                text23                              5AB      5AB       A4        8       0
                text22                              4F3      4F3       B8        8       0
                text21                              6DD      6DD       8B        8       0
                text20                              DBF      DBF        D     1B7E       0
                text19                              E2E      E2E       20     1C5C       0
                text18                              330      330       FF        8       0
                text17                              64F      64F       8E        8       0
                text16                              F65      F65       4B     1ECA       0
                text15                              DAB      DAB        A     1B56       0
                text14                              DB5      DB5        A     1B6A       0
                text13                              DCC      DCC        E     1B98       0
                text12                              768      768       8A        8       0
                text11                              42F      42F       C4        8       0
                text10                              7F2      7F2        E        8       0
                text9                               E75      E75       35     1CEA       0
                text8                               E17      E17       17     1C2E       0
                text7                               EAA      EAA       35     1D54       0
                text6                               F1F      F1F       46     1E3E       0
                text5                               EDF      EDF       40     1DBE       0
                text4                               E4E      E4E       27     1C9C       0
                text3                               DED      DED       14     1BDA       0
                text2                                26       26      1A4        8       0
                text1                               DDA      DDA       13     1BB4       0
                maintext                            1CA      1CA      166        8       0
                cstackBANK0                          20       20       20       20       1
                cstackCOMMON                         70       70        E       70       1
                cstackBANK1                          A0       A0       21       A0       1
                clrtext                             DA3      DA3        8     1B46       0
                bssBANK1                             C1       C1        6       A0       1
                bssBANK0                             40       40       19       20       1
                strings                             800      800       47     1000       0

TOTAL           Name                               Link     Load   Length     Space
        CLASS   CODE           
                end_init                              E        E        3         0
                cinit                                11       11       15         0
                intentry                              4        4        A         0
                reset_vec                             0        0        3         0
                text25                              E01      E01       16         0
                text24                              FB0      FB0       50         0
                text23                              5AB      5AB       A4         0
                text22                              4F3      4F3       B8         0
                text21                              6DD      6DD       8B         0
                text20                              DBF      DBF        D         0
                text19                              E2E      E2E       20         0
                text18                              330      330       FF         0
                text17                              64F      64F       8E         0
                text16                              F65      F65       4B         0
                text15                              DAB      DAB        A         0
                text14                              DB5      DB5        A         0
                text13                              DCC      DCC        E         0
                text12                              768      768       8A         0
                text11                              42F      42F       C4         0
                text10                              7F2      7F2        E         0
                text9                               E75      E75       35         0
                text8                               E17      E17       17         0
                text7                               EAA      EAA       35         0
                text6                               F1F      F1F       46         0
                text5                               EDF      EDF       40         0
                text4                               E4E      E4E       27         0
                text3                               DED      DED       14         0
                text2                                26       26      1A4         0
                text1                               DDA      DDA       13         0
                maintext                            1CA      1CA      166         0
                clrtext                             DA3      DA3        8         0

        CLASS   STRCODE        

        CLASS   STRING         
                strings                             800      800       47         0

        CLASS   CONST          

        CLASS   ENTRY          

        CLASS   COMMON         
                cstackCOMMON                         70       70        E         1

        CLASS   BANK0          
                cstackBANK0                          20       20       20         1
                bssBANK0                             40       40       19         1

        CLASS   BANK1          
                cstackBANK1                          A0       A0       21         1
                bssBANK1                             C1       C1        6         1

        CLASS   BANK2          

        CLASS   BANK3          

        CLASS   RAM            

        CLASS   ABS1           
                abs_s1                               7E       7E        2         1

        CLASS   SFR0           

        CLASS   SFR1           

        CLASS   SFR2           

        CLASS   SFR3           

        CLASS   CONFIG         
                config                             2007     2007        2         4

        CLASS   IDLOC          
                idloc                              2000     2000        4         5

        CLASS   EEDATA         

        CLASS   STACK          



SEGMENTS        Name                           Load    Length   Top    Selector   Space  Class     Delta

                reset_vec                      000000  000003  000003         0       0  CODE        2
                intentry                       000004  0007FC  000800         8       0  CODE        2
                cstackBANK0                    000020  000039  000059        20       1  BANK0       1
                cstackCOMMON                   000070  00000E  00007E        70       1  COMMON      1
                cstackBANK1                    0000A0  000027  0000C7        A0       1  BANK1       1
                strings                        000800  000047  000847      1000       0  STRING      2
                clrtext                        000DA3  000008  000DAB      1B46       0  CODE        2
                text15                         000DAB  00000A  000DB5      1B56       0  CODE        2
                text14                         000DB5  00000A  000DBF      1B6A       0  CODE        2
                text20                         000DBF  00000D  000DCC      1B7E       0  CODE        2
                text13                         000DCC  00000E  000DDA      1B98       0  CODE        2
                text1                          000DDA  000013  000DED      1BB4       0  CODE        2
                text3                          000DED  000014  000E01      1BDA       0  CODE        2
                text25                         000E01  000016  000E17      1C02       0  CODE        2
                text8                          000E17  000017  000E2E      1C2E       0  CODE        2
                text19                         000E2E  000020  000E4E      1C5C       0  CODE        2
                text4                          000E4E  000027  000E75      1C9C       0  CODE        2
                text9                          000E75  000035  000EAA      1CEA       0  CODE        2
                text7                          000EAA  000035  000EDF      1D54       0  CODE        2
                text5                          000EDF  000040  000F1F      1DBE       0  CODE        2
                text6                          000F1F  000046  000F65      1E3E       0  CODE        2
                text16                         000F65  00004B  000FB0      1ECA       0  CODE        2
                text24                         000FB0  000050  001000      1F60       0  CODE        2


UNUSED ADDRESS RANGES

        Name                Unused          Largest block    Delta
        BANK0            0059-006F             17           1
        BANK1            00C7-00EF             29           1
        BANK2            0110-016F             60           1
        BANK3            0190-01EF             60           1
        CODE             0003-0003              1           2
                         0847-0DA2            55C
                         1000-1FFF            800
        CONST            0003-0003              1           2
                         0847-0DA2            100
                         1000-1FFF            100
        EEDATA           2100-21FF            100           2
        ENTRY            0003-0003              1           2
                         0847-0DA2            100
                         1000-1FFF            100
        RAM              0059-006F             17           1
                         00C7-00EF             29
                         0110-016F             60
                         0190-01EF             60
        SFR0             0000-001F             20           1
        SFR1             0080-009F             20           1
        SFR2             0100-010F             10           1
        SFR3             0180-018F             10           1
        STRCODE          0003-0003              1           2
                         0847-0DA2            55C
                         1000-1FFF           1000
        STRING           0003-0003              1           2
                         0847-0DA2            100
                         1000-1FFF            100

                                  Symbol Table

?___fltol                cstackBANK0  0037
?___lldiv                cstackBANK0  0037
?___lwdiv                cstackBANK0  0037
?___lwmod                cstackBANK1  00A0
?___wmul                 cstackBANK0  0037
?___xxtofl               cstackCOMMON 0070
?_sprintf                cstackBANK1  00A5
PWM_duty@chn             cstackBANK0  0020
PWM_duty@duty            cstackBANK0  0022
PWM_init@chn1            cstackBANK1  00A2
PWM_init@chn2            cstackBANK1  00A4
PWM_init@periodo_ms      cstackBANK1  00A6
PWmanual_func@valad      cstackBANK0  002C
PWmanual_init@numport    cstackBANK0  0037
UART_Init@baud_rate      cstackBANK1  00A5
UART_Init@n              cstackBANK1  00AD
UART_Print@data          cstackBANK0  0038
UART_Print@i             cstackBANK0  003C
UART_PutC@data           cstackBANK0  0037
_ADCON0bits              (abs)        001F
_ADCON1bits              (abs)        009F
_ADRESH                  (abs)        001E
_ANSEL                   (abs)        0188
_ANSELH                  (abs)        0189
_CCP1CONbits             (abs)        0017
_CCP2CONbits             (abs)        001D
_CCPR1L                  (abs)        0015
_CCPR2L                  (abs)        001B
_CREN                    (abs)        00C4
_EEADR                   (abs)        010D
_EECON1bits              (abs)        018C
_EECON2                  (abs)        018D
_EEDATA                  (abs)        010C
_INTCON                  (abs)        000B
_INTCONbits              (abs)        000B
_OERR                    (abs)        00C1
_OPTION_REGbits          (abs)        0081
_OSCCON                  (abs)        008F
_OSCCONbits              (abs)        008F
_PIE1bits                (abs)        008C
_PIR1bits                (abs)        000C
_PIR2bits                (abs)        000D
_PORTBbits               (abs)        0006
_PORTD                   (abs)        0008
_PORTE                   (abs)        0009
_PR2                     (abs)        0092
_PWM_duty                text25       0E01
_PWM_init                text16       0F65
_PWmanual_func           text21       06DD
_PWmanual_init           text15       0DAB
_RB0                     (abs)        0030
_RB1                     (abs)        0031
_RCIF                    (abs)        0065
_RCREG                   (abs)        001A
_RCSTA                   (abs)        0018
_RCSTAbits               (abs)        0018
_SPBRG                   (abs)        0099
_T2CONbits               (abs)        0012
_TRISA                   (abs)        0085
_TRISB                   (abs)        0086
_TRISCbits               (abs)        0087
_TRMT                    (abs)        04C1
_TXREG                   (abs)        0019
_TXSTA                   (abs)        0098
_UART_Data_Ready         text14       0DB5
_UART_GetC               text13       0DCC
_UART_Init               text11       042F
_UART_Print              text9        0E75
_UART_PutC               text10       07F2
_WPUB                    (abs)        0095
__Habs1                  abs1         0000
__Hbank0                 bank0        0000
__Hbank1                 bank1        0000
__Hbank2                 bank2        0000
__Hbank3                 bank3        0000
__HbssBANK0              bssBANK0     0000
__HbssBANK1              bssBANK1     0000
__Hcinit                 cinit        0026
__Hclrtext               clrtext      0000
__Hcode                  code         0000
__Hcommon                common       0000
__Hconfig                config       2009
__HcstackBANK0           cstackBANK0  0000
__HcstackBANK1           cstackBANK1  0000
__HcstackCOMMON          cstackCOMMON 0000
__Heeprom_data           eeprom_data  0000
__Hend_init              end_init     0011
__Hfunctab               functab      0000
__Hidloc                 idloc        2004
__Hinit                  init         000E
__Hintentry              intentry     000E
__Hmaintext              maintext     0000
__Hpowerup               powerup      0000
__Hram                   ram          0000
__Hreset_vec             reset_vec    0003
__Hsfr0                  sfr0         0000
__Hsfr1                  sfr1         0000
__Hsfr2                  sfr2         0000
__Hsfr3                  sfr3         0000
__Hspace_0               (abs)        1000
__Hspace_1               (abs)        00C7
__Hspace_2               (abs)        0000
__Hspace_3               (abs)        0000
__Hspace_4               (abs)        4010
__Hstack                 stack        0000
__Hstrings               strings      0000
__Htext                  text         0000
__Labs1                  abs1         0000
__Lbank0                 bank0        0000
__Lbank1                 bank1        0000
__Lbank2                 bank2        0000
__Lbank3                 bank3        0000
__LbssBANK0              bssBANK0     0000
__LbssBANK1              bssBANK1     0000
__Lcinit                 cinit        0011
__Lclrtext               clrtext      0000
__Lcode                  code         0000
__Lcommon                common       0000
__Lconfig                config       0000
__LcstackBANK0           cstackBANK0  0000
__LcstackBANK1           cstackBANK1  0000
__LcstackCOMMON          cstackCOMMON 0000
__Leeprom_data           eeprom_data  0000
__Lend_init              end_init     000E
__Lfunctab               functab      0000
__Lidloc                 idloc        0000
__Linit                  init         000E
__Lintentry              intentry     0004
__Lmaintext              maintext     0000
__Lpowerup               powerup      0000
__Lram                   ram          0000
__Lreset_vec             reset_vec    0000
__Lsfr0                  sfr0         0000
__Lsfr1                  sfr1         0000
__Lsfr2                  sfr2         0000
__Lsfr3                  sfr3         0000
__Lspace_0               (abs)        0000
__Lspace_1               (abs)        0000
__Lspace_2               (abs)        0000
__Lspace_3               (abs)        0000
__Lspace_4               (abs)        0000
__Lstack                 stack        0000
__Lstrings               strings      0000
__Ltext                  text         0000
__S0                     (abs)        1000
__S1                     (abs)        00C7
__S3                     (abs)        0000
___fleq                  text24       0FB0
___fleq@ff1              cstackBANK0  0020
___fleq@ff2              cstackBANK0  0024
___flge                  text23       05AB
___flge@ff1              cstackBANK0  0020
___flge@ff2              cstackBANK0  0024
___fltol                 text17       064F
___fltol@exp1            cstackBANK1  00A1
___fltol@f1              cstackBANK0  0037
___fltol@sign1           cstackBANK1  00A0
___int_sp                stack        0000
___latbits               (abs)        0002
___lldiv                 text12       0768
___lldiv@counter         cstackBANK1  00A4
___lldiv@dividend        cstackBANK0  003B
___lldiv@divisor         cstackBANK0  0037
___lldiv@quotient        cstackBANK1  00A0
___lwdiv                 text6        0F1F
___lwdiv@counter         cstackBANK0  003C
___lwdiv@dividend        cstackBANK0  0039
___lwdiv@divisor         cstackBANK0  0037
___lwdiv@quotient        cstackBANK0  003D
___lwmod                 text5        0EDF
___lwmod@counter         cstackBANK1  00A4
___lwmod@dividend        cstackBANK1  00A2
___lwmod@divisor         cstackBANK1  00A0
___sp                    stack        0000
___stackhi               (abs)        0000
___stacklo               (abs)        0000
___wmul                  text4        0E4E
___wmul@multiplicand     cstackBANK0  0039
___wmul@multiplier       cstackBANK0  0037
___wmul@product          cstackBANK0  003B
___xxtofl                text22       04F3
___xxtofl@arg            cstackCOMMON 007A
___xxtofl@exp            cstackCOMMON 0079
___xxtofl@sign           cstackCOMMON 0078
___xxtofl@val            cstackCOMMON 0070
__end_of_PWM_duty        text25       0E17
__end_of_PWM_init        text16       0FB0
__end_of_PWmanual_func   text21       0768
__end_of_PWmanual_init   text15       0DB5
__end_of_UART_Data_Ready text14       0DBF
__end_of_UART_GetC       text13       0DDA
__end_of_UART_Init       text11       04F3
__end_of_UART_Print      text9        0EAA
__end_of_UART_PutC       text10       0800
__end_of___fleq          text24       1000
__end_of___flge          text23       064F
__end_of___fltol         text17       06DD
__end_of___lldiv         text12       07F2
__end_of___lwdiv         text6        0F65
__end_of___lwmod         text5        0F1F
__end_of___wmul          text4        0E75
__end_of___xxtofl        text22       05AB
__end_of__initialization cinit        0022
__end_of__stringtab      strings      0810
__end_of_dpowers         strings      081A
__end_of_isdigit         text3        0E01
__end_of_isr             text18       042F
__end_of_main            maintext     0330
__end_of_message         strings      0829
__end_of_preguntas       text8        0E2E
__end_of_readEEPROM      text20       0DCC
__end_of_setup           text7        0EDF
__end_of_sprintf         text2        01CA
__end_of_uart_read       text1        0DED
__end_of_writeEEPROM     text19       0E4E
__initialization         cinit        0011
__pbssBANK0              bssBANK0     0040
__pbssBANK1              bssBANK1     00C1
__pcstackBANK0           cstackBANK0  0020
__pcstackBANK1           cstackBANK1  00A0
__pcstackCOMMON          cstackCOMMON 0070
__pintentry              intentry     0004
__pmaintext              maintext     01CA
__pstrings               strings      0800
__ptext1                 text1        0DDA
__ptext10                text10       07F2
__ptext11                text11       042F
__ptext12                text12       0768
__ptext13                text13       0DCC
__ptext14                text14       0DB5
__ptext15                text15       0DAB
__ptext16                text16       0F65
__ptext17                text17       064F
__ptext18                text18       0330
__ptext19                text19       0E2E
__ptext2                 text2        0026
__ptext20                text20       0DBF
__ptext21                text21       06DD
__ptext22                text22       04F3
__ptext23                text23       05AB
__ptext24                text24       0FB0
__ptext25                text25       0E01
__ptext3                 text3        0DED
__ptext4                 text4        0E4E
__ptext5                 text5        0EDF
__ptext6                 text6        0F1F
__ptext7                 text7        0EAA
__ptext8                 text8        0E17
__ptext9                 text9        0E75
__stringbase             strings      080F
__stringtab              strings      0800
_dpowers                 strings      0810
_i                       bssBANK1     00C5
_isdigit                 text3        0DED
_isdigit$1182            cstackBANK0  0037
_isr                     text18       0330
_main                    maintext     01CA
_message                 strings      081A
_preguntas               text8        0E17
_readEEPROM              text20       0DBF
_setup                   text7        0EAA
_sprintf                 text2        0026
_uart_read               text1        0DDA
_val                     bssBANK0     0040
_valpot0                 bssBANK0     004C
_valpot1                 bssBANK0     004A
_valprom                 bssBANK0     0048
_writeEEPROM             text19       0E2E
btemp                    (abs)        007E
clear_ram0               clrtext      0DA3
end_of_initialization    cinit        0022
interrupt_function       intentry     0004
intlevel0                functab      0000
intlevel1                functab      0000
intlevel2                functab      0000
intlevel3                functab      0000
intlevel4                functab      0000
intlevel5                functab      0000
isdigit@c                cstackBANK0  0038
main@c                   cstackBANK1  00C0
main@text                cstackBANK1  00B7
readEEPROM@address       cstackCOMMON 0070
reset_vec                reset_vec    0000
saved_w                  (abs)        007E
sprintf@ap               cstackBANK1  00AB
sprintf@c                cstackBANK1  00B3
sprintf@f                cstackBANK1  00A5
sprintf@flag             cstackBANK1  00AC
sprintf@prec             cstackBANK1  00AF
sprintf@sp               cstackBANK1  00B0
sprintf@val              cstackBANK1  00AD
sprintf@width            cstackBANK1  00B1
start                    init         000E
start_initialization     cinit        0011
writeEEPROM@INTCON_SAVE  cstackCOMMON 0072
writeEEPROM@address      cstackCOMMON 0071
writeEEPROM@dataEE       cstackCOMMON 0070
wtemp0                   (abs)        007E


MODULE INFORMATION

Module		Function		Class		Link	Load	Size
C:\Program Files\Microchip\xc8\v2.40\pic\sources\c90\common\fltol.c
		___fltol       		CODE           	064F	0000	142

C:\Program Files\Microchip\xc8\v2.40\pic\sources\c90\common\fltol.c estimated size: 142

C:\Program Files\Microchip\xc8\v2.40\pic\sources\c90\common\__lldiv.c
		___lldiv       		CODE           	0768	0000	138

C:\Program Files\Microchip\xc8\v2.40\pic\sources\c90\common\__lldiv.c estimated size: 138

C:\Program Files\Microchip\xc8\v2.40\pic\sources\c90\common\fleq.c
		___fleq        		CODE           	0FB0	0000	80

C:\Program Files\Microchip\xc8\v2.40\pic\sources\c90\common\fleq.c estimated size: 80

C:\Program Files\Microchip\xc8\v2.40\pic\sources\c90\common\doprnt.c
		_sprintf       		CODE           	0026	0000	420

C:\Program Files\Microchip\xc8\v2.40\pic\sources\c90\common\doprnt.c estimated size: 420

USARTmodl.c
		_UART_Data_Ready		CODE           	0DB5	0000	10
		_UART_Init     		CODE           	042F	0000	196
		_UART_GetC     		CODE           	0DCC	0000	14
		_UART_Print    		CODE           	0E75	0000	53
		_UART_PutC     		CODE           	07F2	0000	14

USARTmodl.c estimated size: 287

C:\Program Files\Microchip\xc8\v2.40\pic\sources\c90\common\Umul16.c
		___wmul        		CODE           	0E4E	0000	39

C:\Program Files\Microchip\xc8\v2.40\pic\sources\c90\common\Umul16.c estimated size: 39

PWM.c
		_PWM_init      		CODE           	0F65	0000	75
		_PWM_duty      		CODE           	0E01	0000	22

PWM.c estimated size: 97

C:\Program Files\Microchip\xc8\v2.40\pic\sources\c90\common\lwmod.c
		___lwmod       		CODE           	0EDF	0000	64

C:\Program Files\Microchip\xc8\v2.40\pic\sources\c90\common\lwmod.c estimated size: 64

shared
		__stringtab    		STRING         	0800	0000	16
		_dpowers       		STRING         	0810	0000	10
		__initialization		CODE           	0011	0000	17
		_message       		STRING         	081A	0000	15

shared estimated size: 58

C:\Program Files\Microchip\xc8\v2.40\pic\sources\c90\common\isdigit.c
		_isdigit       		CODE           	0DED	0000	20

C:\Program Files\Microchip\xc8\v2.40\pic\sources\c90\common\isdigit.c estimated size: 20

Kart_main.c
		_main          		CODE           	01CA	0000	358
		_uart_read     		CODE           	0DDA	0000	19
		_isr           		CODE           	0330	0000	255
		_preguntas     		CODE           	0E17	0000	23
		_setup         		CODE           	0EAA	0000	53
		_readEEPROM    		CODE           	0DBF	0000	13
		_writeEEPROM   		CODE           	0E2E	0000	32

Kart_main.c estimated size: 753

PWmanual.c
		_PWmanual_func 		CODE           	06DD	0000	139
		_PWmanual_init 		CODE           	0DAB	0000	10

PWmanual.c estimated size: 149

C:\Program Files\Microchip\xc8\v2.40\pic\sources\c90\common\flge.c
		___flge        		CODE           	05AB	0000	164

C:\Program Files\Microchip\xc8\v2.40\pic\sources\c90\common\flge.c estimated size: 164

C:\Program Files\Microchip\xc8\v2.40\pic\sources\c90\common\lwdiv.c
		___lwdiv       		CODE           	0F1F	0000	70

C:\Program Files\Microchip\xc8\v2.40\pic\sources\c90\common\lwdiv.c estimated size: 70

C:\Program Files\Microchip\xc8\v2.40\pic\sources\c90\common\xxtofl.c
		___xxtofl      		CODE           	04F3	0000	184

C:\Program Files\Microchip\xc8\v2.40\pic\sources\c90\common\xxtofl.c estimated size: 184

