Microchip MPLAB XC8 Compiler V2.40

Linker command line:

-W-3 \
  --edf=C:\Program Files\Microchip\xc8\v2.40\pic\dat\20220703182018_en.msgs \
  -cn -h+dist/default/production\Kart_micros.X.production.sym \
  --cmf=dist/default/production\Kart_micros.X.production.cmf -z -Q16F887 \
  -oC:\Users\diego\AppData\Local\Temp\xcAs3js.4 --defsym=__MPLAB_BUILD=1 \
  --fixupoverflow=error \
  -Mdist/default/production/Kart_micros.X.production.map \
  --md=C:\Users\diego\AppData\Local\Temp\xcAs3js.dat -E1 -ver=XC8 Compiler \
  --acfsm=1493 -ACODE=00h-07FFhx4 -ASTRCODE=00h-01FFFh -ASTRING=00h-0FFhx32 \
  -ACONST=00h-0FFhx32 -AENTRY=00h-0FFhx32 -ACOMMON=070h-07Fh \
  -ABANK0=020h-06Fh -ABANK1=0A0h-0EFh -ABANK2=0110h-016Fh \
  -ABANK3=0190h-01EFh -ARAM=020h-06Fh,0A0h-0EFh,0110h-016Fh,0190h-01EFh \
  -AABS1=020h-07Fh,0A0h-0EFh,0110h-016Fh,0190h-01EFh -ASFR0=00h-01Fh \
  -ASFR1=080h-09Fh -ASFR2=0100h-010Fh -ASFR3=0180h-018Fh \
  -ACONFIG=02007h-02008h -DCONFIG=2 -AIDLOC=02000h-02003h -DIDLOC=2 \
  -AEEDATA=00h-0FFh/02100h -peeprom_data=EEDATA -DEEDATA=2 -DCODE=2 \
  -DSTRCODE=2 -DSTRING=2 -DCONST=2 -DENTRY=2 \
  -preset_vec=00h,intentry=04h,init,end_init -ppowerup=CODE -pcinit=CODE \
  -pfunctab=ENTRY -k C:\Users\diego\AppData\Local\Temp\xcAs3js.o \
  dist/default/production\Kart_micros.X.production.o 

Object code version is 3.11

Machine type is 16F887



                Name                               Link     Load   Length Selector   Space Scale
C:\Users\diego\AppData\Local\Temp\xcAs3js.o
                end_init                              E        E        3        8       0
                reset_vec                             0        0        3        0       0
                config                             2007     2007        2        0       4
                idloc                              2000     2000        4        0       5
dist/default/production\Kart_micros.X.production.o
                cinit                                11       11        D        8       0
                intentry                              4        4        A        8       0
                config                             2007     2007        2        0       4
                idloc                              2000     2000        4        0       5
                text21                              7D9      7D9       16      C8E       0
                text20                              3AD      3AD       B8        8       0
                text19                              FD2      FD2        D     1FA4       0
                text18                              7A2      7A2       20      C8E       0
                text17                              2E5      2E5       C8        8       0
                text16                              505      505       78        8       0
                text15                              68D      68D       45      C8E       0
                text14                              FC8      FC8        A     1F90       0
                text13                              FDF      FDF        E     1FBE       0
                text12                              57D      57D       68        8       0
                text11                              465      465       A0        8       0
                text10                              7EF      7EF        E      C8E       0
                text9                               746      746       35      C8E       0
                text8                               7C2      7C2       17      C8E       0
                text7                               70E      70E       38      C8E       0
                text6                               647      647       46      C8E       0
                text5                               6D2      6D2       3C      C8E       0
                text4                               77B      77B       27      C8E       0
                text3                               5E5      5E5       14        8       0
                text2                                1E       1E      186        8       0
                text1                               FED      FED       13     1FDA       0
                maintext                            1A4      1A4      141        8       0
                cstackBANK0                          20       20       2D       20       1
                cstackCOMMON                         70       70        E       70       1
                cstackBANK1                          A0       A0        A       A0       1
                clrtext                             FC0      FC0        8     1F80       0
                bssBANK0                             4D       4D       14       20       1
                strings                             600      600       47      C00       0

TOTAL           Name                               Link     Load   Length     Space
        CLASS   CODE           
                end_init                              E        E        3         0
                cinit                                11       11        D         0
                intentry                              4        4        A         0
                reset_vec                             0        0        3         0
                text21                              7D9      7D9       16         0
                text20                              3AD      3AD       B8         0
                text19                              FD2      FD2        D         0
                text18                              7A2      7A2       20         0
                text17                              2E5      2E5       C8         0
                text16                              505      505       78         0
                text15                              68D      68D       45         0
                text14                              FC8      FC8        A         0
                text13                              FDF      FDF        E         0
                text12                              57D      57D       68         0
                text11                              465      465       A0         0
                text10                              7EF      7EF        E         0
                text9                               746      746       35         0
                text8                               7C2      7C2       17         0
                text7                               70E      70E       38         0
                text6                               647      647       46         0
                text5                               6D2      6D2       3C         0
                text4                               77B      77B       27         0
                text3                               5E5      5E5       14         0
                text2                                1E       1E      186         0
                text1                               FED      FED       13         0
                maintext                            1A4      1A4      141         0
                clrtext                             FC0      FC0        8         0

        CLASS   STRCODE        

        CLASS   STRING         
                strings                             600      600       47         0

        CLASS   CONST          

        CLASS   ENTRY          

        CLASS   COMMON         
                cstackCOMMON                         70       70        E         1

        CLASS   BANK0          
                cstackBANK0                          20       20       2D         1
                bssBANK0                             4D       4D       14         1

        CLASS   BANK1          
                cstackBANK1                          A0       A0        A         1

        CLASS   BANK2          

        CLASS   BANK3          

        CLASS   RAM            

        CLASS   ABS1           
                abs_s1                               7E       7E        2         1

        CLASS   SFR0           

        CLASS   SFR1           

        CLASS   SFR2           

        CLASS   SFR3           

        CLASS   CONFIG         
                config                             2007     2007        2         4

        CLASS   IDLOC          
                idloc                              2000     2000        4         5

        CLASS   EEDATA         

        CLASS   STACK          



SEGMENTS        Name                           Load    Length   Top    Selector   Space  Class     Delta

                reset_vec                      000000  000003  000003         0       0  CODE        2
                intentry                       000004  0005F5  0005F9         8       0  CODE        2
                cstackBANK0                    000020  000041  000061        20       1  BANK0       1
                cstackCOMMON                   000070  00000E  00007E        70       1  COMMON      1
                cstackBANK1                    0000A0  00000A  0000AA        A0       1  BANK1       1
                strings                        000600  000047  000647       C00       0  STRING      2
                text6                          000647  0001B6  0007FD       C8E       0  CODE        2
                clrtext                        000FC0  000008  000FC8      1F80       0  CODE        2
                text14                         000FC8  00000A  000FD2      1F90       0  CODE        2
                text19                         000FD2  00000D  000FDF      1FA4       0  CODE        2
                text13                         000FDF  00000E  000FED      1FBE       0  CODE        2
                text1                          000FED  000013  001000      1FDA       0  CODE        2


UNUSED ADDRESS RANGES

        Name                Unused          Largest block    Delta
        BANK0            0061-006F              F           1
        BANK1            00AA-00EF             46           1
        BANK2            0110-016F             60           1
        BANK3            0190-01EF             60           1
        CODE             0003-0003              1           2
                         05F9-05FF              7
                         07FD-0FBF              3
                         1000-1FFF            800
        CONST            0003-0003              1           2
                         05F9-05FF              7
                         07FD-0FBF            100
                         1000-1FFF            100
        EEDATA           2100-21FF            100           2
        ENTRY            0003-0003              1           2
                         05F9-05FF              7
                         07FD-0FBF            100
                         1000-1FFF            100
        RAM              0061-006F              F           1
                         00AA-00EF             46
                         0110-016F             60
                         0190-01EF             60
        SFR0             0000-001F             20           1
        SFR1             0080-009F             20           1
        SFR2             0100-010F             10           1
        SFR3             0180-018F             10           1
        STRCODE          0003-0003              1           2
                         05F9-05FF              7
                         07FD-0FBF            7C3
                         1000-1FFF           1000
        STRING           0003-0003              1           2
                         05F9-05FF              7
                         07FD-0FBF            100
                         1000-1FFF            100

                                  Symbol Table

?___fltol                cstackBANK0  002D
?___lldiv                cstackBANK0  002D
?___lwdiv                cstackBANK0  002D
?___lwmod                cstackBANK0  0035
?___wmul                 cstackBANK0  002D
?___xxtofl               cstackCOMMON 0070
?_sprintf                cstackBANK0  003B
PWM_duty@chn             cstackBANK0  0020
PWM_duty@duty            cstackBANK0  0022
PWM_init@chn1            cstackBANK0  0037
PWM_init@chn2            cstackBANK0  0039
PWM_init@periodo_ms      cstackBANK0  003B
UART_Init@baud_rate      cstackBANK0  003B
UART_Init@n              cstackBANK0  0043
UART_Print@data          cstackBANK0  002E
UART_Print@i             cstackBANK0  0032
UART_PutC@data           cstackBANK0  002D
_ADCON0bits              (abs)        001F
_ADCON1bits              (abs)        009F
_ADRESH                  (abs)        001E
_ANSEL                   (abs)        0188
_ANSELH                  (abs)        0189
_CCP1CONbits             (abs)        0017
_CCP2CONbits             (abs)        001D
_CCPR1L                  (abs)        0015
_CCPR2L                  (abs)        001B
_CREN                    (abs)        00C4
_EEADR                   (abs)        010D
_EECON1bits              (abs)        018C
_EECON2                  (abs)        018D
_EEDATA                  (abs)        010C
_INTCON                  (abs)        000B
_INTCONbits              (abs)        000B
_OERR                    (abs)        00C1
_OPTION_REGbits          (abs)        0081
_OSCCON                  (abs)        008F
_OSCCONbits              (abs)        008F
_PIE1bits                (abs)        008C
_PIR1bits                (abs)        000C
_PIR2bits                (abs)        000D
_PORTB                   (abs)        0006
_PORTBbits               (abs)        0006
_PORTC                   (abs)        0007
_PORTD                   (abs)        0008
_PORTE                   (abs)        0009
_PR2                     (abs)        0092
_PWM_duty                text21       07D9
_PWM_init                text15       068D
_RB1                     (abs)        0031
_RB2                     (abs)        0032
_RCIF                    (abs)        0065
_RCREG                   (abs)        001A
_RCSTA                   (abs)        0018
_RCSTAbits               (abs)        0018
_SPBRG                   (abs)        0099
_T2CONbits               (abs)        0012
_TRISA                   (abs)        0085
_TRISB                   (abs)        0086
_TRISCbits               (abs)        0087
_TRISD                   (abs)        0088
_TRMT                    (abs)        04C1
_TXREG                   (abs)        0019
_TXSTA                   (abs)        0098
_UART_Data_Ready         text14       0FC8
_UART_GetC               text13       0FDF
_UART_Init               text11       0465
_UART_Print              text9        0746
_UART_PutC               text10       07EF
_WPUB                    (abs)        0095
__Habs1                  abs1         0000
__Hbank0                 bank0        0000
__Hbank1                 bank1        0000
__Hbank2                 bank2        0000
__Hbank3                 bank3        0000
__HbssBANK0              bssBANK0     0000
__Hcinit                 cinit        001E
__Hclrtext               clrtext      0000
__Hcode                  code         0000
__Hcommon                common       0000
__Hconfig                config       2009
__HcstackBANK0           cstackBANK0  0000
__HcstackBANK1           cstackBANK1  0000
__HcstackCOMMON          cstackCOMMON 0000
__Heeprom_data           eeprom_data  0000
__Hend_init              end_init     0011
__Hfunctab               functab      0000
__Hidloc                 idloc        2004
__Hinit                  init         000E
__Hintentry              intentry     000E
__Hmaintext              maintext     0000
__Hpowerup               powerup      0000
__Hram                   ram          0000
__Hreset_vec             reset_vec    0003
__Hsfr0                  sfr0         0000
__Hsfr1                  sfr1         0000
__Hsfr2                  sfr2         0000
__Hsfr3                  sfr3         0000
__Hspace_0               (abs)        1000
__Hspace_1               (abs)        00AA
__Hspace_2               (abs)        0000
__Hspace_3               (abs)        0000
__Hspace_4               (abs)        4010
__Hstack                 stack        0000
__Hstrings               strings      0000
__Htext                  text         0000
__Labs1                  abs1         0000
__Lbank0                 bank0        0000
__Lbank1                 bank1        0000
__Lbank2                 bank2        0000
__Lbank3                 bank3        0000
__LbssBANK0              bssBANK0     0000
__Lcinit                 cinit        0011
__Lclrtext               clrtext      0000
__Lcode                  code         0000
__Lcommon                common       0000
__Lconfig                config       0000
__LcstackBANK0           cstackBANK0  0000
__LcstackBANK1           cstackBANK1  0000
__LcstackCOMMON          cstackCOMMON 0000
__Leeprom_data           eeprom_data  0000
__Lend_init              end_init     000E
__Lfunctab               functab      0000
__Lidloc                 idloc        0000
__Linit                  init         000E
__Lintentry              intentry     0004
__Lmaintext              maintext     0000
__Lpowerup               powerup      0000
__Lram                   ram          0000
__Lreset_vec             reset_vec    0000
__Lsfr0                  sfr0         0000
__Lsfr1                  sfr1         0000
__Lsfr2                  sfr2         0000
__Lsfr3                  sfr3         0000
__Lspace_0               (abs)        0000
__Lspace_1               (abs)        0000
__Lspace_2               (abs)        0000
__Lspace_3               (abs)        0000
__Lspace_4               (abs)        0000
__Lstack                 stack        0000
__Lstrings               strings      0000
__Ltext                  text         0000
__S0                     (abs)        1000
__S1                     (abs)        00AA
__S3                     (abs)        0000
___fltol                 text16       0505
___fltol@exp1            cstackBANK0  0036
___fltol@f1              cstackBANK0  002D
___fltol@sign1           cstackBANK0  0035
___int_sp                stack        0000
___latbits               (abs)        0002
___lldiv                 text12       057D
___lldiv@counter         cstackBANK0  003A
___lldiv@dividend        cstackBANK0  0031
___lldiv@divisor         cstackBANK0  002D
___lldiv@quotient        cstackBANK0  0036
___lwdiv                 text6        0647
___lwdiv@counter         cstackBANK0  0032
___lwdiv@dividend        cstackBANK0  002F
___lwdiv@divisor         cstackBANK0  002D
___lwdiv@quotient        cstackBANK0  0033
___lwmod                 text5        06D2
___lwmod@counter         cstackBANK0  003A
___lwmod@dividend        cstackBANK0  0037
___lwmod@divisor         cstackBANK0  0035
___sp                    stack        0000
___stackhi               (abs)        0000
___stacklo               (abs)        0000
___wmul                  text4        077B
___wmul@multiplicand     cstackBANK0  002F
___wmul@multiplier       cstackBANK0  002D
___wmul@product          cstackBANK0  0031
___xxtofl                text20       03AD
___xxtofl@arg            cstackCOMMON 007A
___xxtofl@exp            cstackCOMMON 0079
___xxtofl@sign           cstackCOMMON 0078
___xxtofl@val            cstackCOMMON 0070
__end_of_PWM_duty        text21       07EF
__end_of_PWM_init        text15       06D2
__end_of_UART_Data_Ready text14       0FD2
__end_of_UART_GetC       text13       0FED
__end_of_UART_Init       text11       0505
__end_of_UART_Print      text9        077B
__end_of_UART_PutC       text10       07FD
__end_of___fltol         text16       057D
__end_of___lldiv         text12       05E5
__end_of___lwdiv         text6        068D
__end_of___lwmod         text5        070E
__end_of___wmul          text4        07A2
__end_of___xxtofl        text20       0465
__end_of__initialization cinit        001A
__end_of__stringtab      strings      0610
__end_of_dpowers         strings      061A
__end_of_isdigit         text3        05F9
__end_of_isr             text17       03AD
__end_of_main            maintext     02E5
__end_of_message         strings      0629
__end_of_preguntas       text8        07D9
__end_of_readEEPROM      text19       0FDF
__end_of_setup           text7        0746
__end_of_sprintf         text2        01A4
__end_of_uart_read       text1        1000
__end_of_writeEEPROM     text18       07C2
__initialization         cinit        0011
__pbssBANK0              bssBANK0     004D
__pcstackBANK0           cstackBANK0  0020
__pcstackBANK1           cstackBANK1  00A0
__pcstackCOMMON          cstackCOMMON 0070
__pintentry              intentry     0004
__pmaintext              maintext     01A4
__pstrings               strings      0600
__ptext1                 text1        0FED
__ptext10                text10       07EF
__ptext11                text11       0465
__ptext12                text12       057D
__ptext13                text13       0FDF
__ptext14                text14       0FC8
__ptext15                text15       068D
__ptext16                text16       0505
__ptext17                text17       02E5
__ptext18                text18       07A2
__ptext19                text19       0FD2
__ptext2                 text2        001E
__ptext20                text20       03AD
__ptext21                text21       07D9
__ptext3                 text3        05E5
__ptext4                 text4        077B
__ptext5                 text5        06D2
__ptext6                 text6        0647
__ptext7                 text7        070E
__ptext8                 text8        07C2
__ptext9                 text9        0746
__stringbase             strings      060F
__stringtab              strings      0600
_dpowers                 strings      0610
_i                       bssBANK0     0059
_isdigit                 text3        05E5
_isdigit$1125            cstackBANK0  002D
_isr                     text17       02E5
_main                    maintext     01A4
_message                 strings      061A
_preguntas               text8        07C2
_readEEPROM              text19       0FD2
_setup                   text7        070E
_sprintf                 text2        001E
_uart_read               text1        0FED
_val                     bssBANK0     004D
_valadr                  bssBANK0     0057
_valpot                  bssBANK0     0055
_writeEEPROM             text18       07A2
btemp                    (abs)        007E
clear_ram0               clrtext      0FC0
end_of_initialization    cinit        001A
interrupt_function       intentry     0004
intlevel0                functab      0000
intlevel1                functab      0000
intlevel2                functab      0000
intlevel3                functab      0000
intlevel4                functab      0000
intlevel5                functab      0000
isdigit@c                cstackBANK0  002E
main@c                   cstackBANK1  00A9
main@text                cstackBANK1  00A0
readEEPROM@address       cstackCOMMON 0070
reset_vec                reset_vec    0000
saved_w                  (abs)        007E
sprintf@ap               cstackBANK0  0041
sprintf@c                cstackBANK0  0049
sprintf@f                cstackBANK0  003B
sprintf@flag             cstackBANK0  0042
sprintf@prec             cstackBANK0  0045
sprintf@sp               cstackBANK0  0046
sprintf@val              cstackBANK0  0043
sprintf@width            cstackBANK0  0047
start                    init         000E
start_initialization     cinit        0011
writeEEPROM@INTCON_SAVE  cstackCOMMON 0072
writeEEPROM@address      cstackCOMMON 0071
writeEEPROM@dataEE       cstackCOMMON 0070
wtemp0                   (abs)        007E


MODULE INFORMATION

Module		Function		Class		Link	Load	Size
C:\Program Files\Microchip\xc8\v2.40\pic\sources\c90\common\fltol.c
		___fltol       		CODE           	0505	0000	120

C:\Program Files\Microchip\xc8\v2.40\pic\sources\c90\common\fltol.c estimated size: 120

C:\Program Files\Microchip\xc8\v2.40\pic\sources\c90\common\__lldiv.c
		___lldiv       		CODE           	057D	0000	104

C:\Program Files\Microchip\xc8\v2.40\pic\sources\c90\common\__lldiv.c estimated size: 104

C:\Program Files\Microchip\xc8\v2.40\pic\sources\c90\common\doprnt.c
		_sprintf       		CODE           	001E	0000	390

C:\Program Files\Microchip\xc8\v2.40\pic\sources\c90\common\doprnt.c estimated size: 390

USARTmodl.c
		_UART_Data_Ready		CODE           	0FC8	0000	10
		_UART_Init     		CODE           	0465	0000	160
		_UART_GetC     		CODE           	0FDF	0000	14
		_UART_Print    		CODE           	0746	0000	53
		_UART_PutC     		CODE           	07EF	0000	14

USARTmodl.c estimated size: 251

C:\Program Files\Microchip\xc8\v2.40\pic\sources\c90\common\Umul16.c
		___wmul        		CODE           	077B	0000	39

C:\Program Files\Microchip\xc8\v2.40\pic\sources\c90\common\Umul16.c estimated size: 39

PWM.c
		_PWM_init      		CODE           	068D	0000	69
		_PWM_duty      		CODE           	07D9	0000	22

PWM.c estimated size: 91

C:\Program Files\Microchip\xc8\v2.40\pic\sources\c90\common\lwmod.c
		___lwmod       		CODE           	06D2	0000	60

C:\Program Files\Microchip\xc8\v2.40\pic\sources\c90\common\lwmod.c estimated size: 60

shared
		__stringtab    		STRING         	0600	0000	16
		_dpowers       		STRING         	0610	0000	10
		__initialization		CODE           	0011	0000	9
		_message       		STRING         	061A	0000	15

shared estimated size: 50

C:\Program Files\Microchip\xc8\v2.40\pic\sources\c90\common\isdigit.c
		_isdigit       		CODE           	05E5	0000	20

C:\Program Files\Microchip\xc8\v2.40\pic\sources\c90\common\isdigit.c estimated size: 20

Kart_main.c
		_main          		CODE           	01A4	0000	321
		_uart_read     		CODE           	0FED	0000	19
		_isr           		CODE           	02E5	0000	200
		_preguntas     		CODE           	07C2	0000	23
		_setup         		CODE           	070E	0000	56
		_readEEPROM    		CODE           	0FD2	0000	13
		_writeEEPROM   		CODE           	07A2	0000	32

Kart_main.c estimated size: 664

C:\Program Files\Microchip\xc8\v2.40\pic\sources\c90\common\lwdiv.c
		___lwdiv       		CODE           	0647	0000	70

C:\Program Files\Microchip\xc8\v2.40\pic\sources\c90\common\lwdiv.c estimated size: 70

C:\Program Files\Microchip\xc8\v2.40\pic\sources\c90\common\xxtofl.c
		___xxtofl      		CODE           	03AD	0000	184

C:\Program Files\Microchip\xc8\v2.40\pic\sources\c90\common\xxtofl.c estimated size: 184

